// Jest Snapshot v1, https://goo.gl/fbAQLP

exports[`<Main /> should... 1`] = `
<main
  class="sc-beyTiQ eiTA-DC"
>
  <h1>
    Main
  </h1>
</main>
`;
